{"data":{"books":[{"author":{"name":"Cormac McCarthy"}},{"author":{"name":"Cormac McCarthy"}}]}}
