{"data":{"books":[{"title":"The Road"},{"title":"No Country for Old Men"}]}}
