{"data":{"books":[{"title":"The Road","author":{"name":"Cormac McCarthy"}},{"title":"No Country for Old Men","author":{"name":"Cormac McCarthy"}}]}}
